// Jest Snapshot v1, https://goo.gl/fbAQLP

exports[`FilterChipList component. Matches snapshot. 1`] = `
<div
  className="chip-list"
>
  <button
    aria-label="Remove col4 is empty filter"
    className="chip-body"
    onClick={[Function]}
  >
    <svg
      aria-hidden={true}
      aria-label="filter"
      className="fa fa-filter"
      focusable="false"
      height={12}
      role="img"
      viewBox="0 0 512 512"
      width={12}
      xmlns="http://www.w3.org/2000/svg"
    >
      <path
        d="M463.952 0H48.057C5.419 0-16.094 51.731 14.116 81.941L176 243.882V416c0 15.108 7.113 29.335 19.2 40l64 47.066c31.273 21.855 76.8 1.538 76.8-38.4V243.882L497.893 81.941C528.042 51.792 506.675 0 463.952 0zM288 224v240l-64-48V224L48 48h416L288 224z"
      />
    </svg>
    "
    col4
    " Is empty 
    <svg
      aria-hidden={true}
      aria-label="times"
      className="fa fa-times"
      focusable="false"
      height={12}
      role="img"
      viewBox="0 0 384 512"
      width={12}
      xmlns="http://www.w3.org/2000/svg"
    >
      <path
        d="M231.6 256l130.1-130.1c4.7-4.7 4.7-12.3 0-17l-22.6-22.6c-4.7-4.7-12.3-4.7-17 0L192 216.4 61.9 86.3c-4.7-4.7-12.3-4.7-17 0l-22.6 22.6c-4.7 4.7-4.7 12.3 0 17L152.4 256 22.3 386.1c-4.7 4.7-4.7 12.3 0 17l22.6 22.6c4.7 4.7 12.3 4.7 17 0L192 295.6l130.1 130.1c4.7 4.7 12.3 4.7 17 0l22.6-22.6c4.7-4.7 4.7-12.3 0-17L231.6 256z"
      />
    </svg>
  </button>
  <button
    aria-label="Remove col2 contains medicare filter"
    className="chip-body"
    onClick={[Function]}
  >
    <svg
      aria-hidden={true}
      aria-label="filter"
      className="fa fa-filter"
      focusable="false"
      height={12}
      role="img"
      viewBox="0 0 512 512"
      width={12}
      xmlns="http://www.w3.org/2000/svg"
    >
      <path
        d="M463.952 0H48.057C5.419 0-16.094 51.731 14.116 81.941L176 243.882V416c0 15.108 7.113 29.335 19.2 40l64 47.066c31.273 21.855 76.8 1.538 76.8-38.4V243.882L497.893 81.941C528.042 51.792 506.675 0 463.952 0zM288 224v240l-64-48V224L48 48h416L288 224z"
      />
    </svg>
    "
    col2
    " Ｃ 
    medicare
    <svg
      aria-hidden={true}
      aria-label="times"
      className="fa fa-times"
      focusable="false"
      height={12}
      role="img"
      viewBox="0 0 384 512"
      width={12}
      xmlns="http://www.w3.org/2000/svg"
    >
      <path
        d="M231.6 256l130.1-130.1c4.7-4.7 4.7-12.3 0-17l-22.6-22.6c-4.7-4.7-12.3-4.7-17 0L192 216.4 61.9 86.3c-4.7-4.7-12.3-4.7-17 0l-22.6 22.6c-4.7 4.7-4.7 12.3 0 17L152.4 256 22.3 386.1c-4.7 4.7-4.7 12.3 0 17l22.6 22.6c4.7 4.7 12.3 4.7 17 0L192 295.6l130.1 130.1c4.7 4.7 12.3 4.7 17 0l22.6-22.6c4.7-4.7 4.7-12.3 0-17L231.6 256z"
      />
    </svg>
  </button>
  <button
    className="clear-all"
    onClick={[Function]}
  >
    Clear all filters
  </button>
</div>
`;
