// Jest Snapshot v1, https://goo.gl/fbAQLP

exports[`DatasetHeader component. Matches snapshot. 1`] = `
<header
  className="dataset-header"
>
  <h1
    className="dataset-title"
  >
    Medicare Plan Info Data
  </h1>
  <div
    className="dataset-description"
  >
    A dataset showing all Medicare plan information from CMS.
  </div>
  <div
    className="dataset-date"
  >
    <div
      className="dataset-date-item bold-label"
    >
      <span>
        Last Modified
      </span>
      : 
      November 29, 2021
    </div>
    <span
      className="bullet-point"
    >
      â€¢
    </span>
    <div
      className="dataset-date-item"
    >
      <span>
        Released
      </span>
      : 
      November 29, 2021
    </div>
  </div>
</header>
`;
