// Jest Snapshot v1, https://goo.gl/fbAQLP

exports[`FilteredDatasetResource component Matches snapshot 1`] = `"Dataset content goes here"`;
