// Vitest Snapshot v1, https://vitest.dev/guide/snapshot.html

exports[`Tooltip component. > Matches snapshot. 1`] = `
<span
  className="tooltip-wrapper"
>
  <span
    className="tooltip-trigger"
  >
    <div
      style={
        {
          "display": "inline-block",
        }
      }
    >
      <span>
        Hover over me
      </span>
    </div>
  </span>
</span>
`;
