// Jest Snapshot v1, https://goo.gl/fbAQLP

exports[`Tooltip component. Matches snapshot. 1`] = `
<span
  className="tooltip-wrapper"
>
  <span
    className="tooltip-trigger"
  >
    <div
      style={
        Object {
          "display": "inline-block",
        }
      }
    >
      <span>
        Hover over me
      </span>
    </div>
  </span>
</span>
`;
