// Jest Snapshot v1, https://goo.gl/fbAQLP

exports[`DataTable component. Matches snapshot. 1`] = `
<div
  className="DataTable dc-datatable -striped -highlight density-2 -striped -highlight"
>
  <div
    className="dc-table-container"
  >
    <div>
      <div
        className="dc-table"
        role="grid"
        style={
          Object {
            "minWidth": "60px",
          }
        }
      >
        <div
          className="dc-thead -header"
          role="rowgroup"
        >
          <div
            className="tr"
            role="row"
            style={
              Object {
                "display": "flex",
                "flex": "1 0 auto",
                "minWidth": "60px",
              }
            }
          >
            <div
              className="th"
              colSpan={1}
              role="columnheader"
              style={
                Object {
                  "boxSizing": "border-box",
                  "flex": "150 0 auto",
                  "minWidth": "30px",
                  "position": "relative",
                  "width": "150px",
                }
              }
            >
              <span
                className="tooltip-trigger column-title"
              >
                Measure Name
              </span>
              <span
                className="tooltip-trigger sort-icon"
              >
                <button
                  aria-label="Sort Measure Name column in ascending order"
                  onClick={[Function]}
                  style={
                    Object {
                      "cursor": "pointer",
                    }
                  }
                >
                  <svg
                    aria-hidden={true}
                    aria-label="sort"
                    className="fa fa-sort"
                    focusable="false"
                    height={16}
                    role="img"
                    viewBox="0 0 320 512"
                    width={16}
                    xmlns="http://www.w3.org/2000/svg"
                  >
                    <path
                      d="M41 288h238c21.4 0 32.1 25.9 17 41L177 448c-9.4 9.4-24.6 9.4-33.9 0L24 329c-15.1-15.1-4.4-41 17-41zm255-105L177 64c-9.4-9.4-24.6-9.4-33.9 0L24 183c-15.1 15.1-4.4 41 17 41h238c21.4 0 32.1-25.9 17-41z"
                    />
                  </svg>
                </button>
              </span>
              <span
                className="tooltip-trigger resizer-container"
              >
                <button
                  aria-label="Resize Measure Name column"
                  className="resizer "
                  draggable={false}
                  onBlur={[Function]}
                  onClick={[Function]}
                  onKeyDown={[Function]}
                  onMouseDown={[Function]}
                  onTouchStart={[Function]}
                  role=""
                  style={
                    Object {
                      "cursor": "col-resize",
                    }
                  }
                />
              </span>
            </div>
            <div
              className="th"
              colSpan={1}
              role="columnheader"
              style={
                Object {
                  "boxSizing": "border-box",
                  "flex": "150 0 auto",
                  "minWidth": "30px",
                  "position": "relative",
                  "width": "150px",
                }
              }
            >
              <span
                className="tooltip-trigger column-title"
              >
                Measure Date Range
              </span>
              <span
                className="tooltip-trigger sort-icon"
              >
                <button
                  aria-label="Sort Measure Date Range column in ascending order"
                  onClick={[Function]}
                  style={
                    Object {
                      "cursor": "pointer",
                    }
                  }
                >
                  <svg
                    aria-hidden={true}
                    aria-label="sort"
                    className="fa fa-sort"
                    focusable="false"
                    height={16}
                    role="img"
                    viewBox="0 0 320 512"
                    width={16}
                    xmlns="http://www.w3.org/2000/svg"
                  >
                    <path
                      d="M41 288h238c21.4 0 32.1 25.9 17 41L177 448c-9.4 9.4-24.6 9.4-33.9 0L24 329c-15.1-15.1-4.4-41 17-41zm255-105L177 64c-9.4-9.4-24.6-9.4-33.9 0L24 183c-15.1 15.1-4.4 41 17 41h238c21.4 0 32.1-25.9 17-41z"
                    />
                  </svg>
                </button>
              </span>
              <span
                className="tooltip-trigger resizer-container"
              >
                <button
                  aria-label="Resize Measure Date Range column"
                  className="resizer "
                  draggable={false}
                  onBlur={[Function]}
                  onClick={[Function]}
                  onKeyDown={[Function]}
                  onMouseDown={[Function]}
                  onTouchStart={[Function]}
                  role=""
                  style={
                    Object {
                      "cursor": "col-resize",
                    }
                  }
                />
              </span>
            </div>
          </div>
        </div>
        <div
          className="dc-thead -filters"
          role="rowgroup"
        >
          <div
            className="tr"
            role="row"
            style={
              Object {
                "display": "flex",
                "flex": "1 0 auto",
                "minWidth": "60px",
              }
            }
          >
            <div
              className="th null"
              colSpan={1}
              role="columnheader"
              style={
                Object {
                  "boxSizing": "border-box",
                  "flex": "150 0 auto",
                  "minWidth": "30px",
                  "position": "relative",
                  "width": "150px",
                }
              }
            >
              <div />
            </div>
            <div
              className="th null"
              colSpan={1}
              role="columnheader"
              style={
                Object {
                  "boxSizing": "border-box",
                  "flex": "150 0 auto",
                  "minWidth": "30px",
                  "position": "relative",
                  "width": "150px",
                }
              }
            >
              <div />
            </div>
          </div>
        </div>
        <div
          className="dc-tbody"
          role="rowgroup"
        >
          <div
            className="tr dc-tr"
            role="row"
            style={
              Object {
                "display": "flex",
                "flex": "1 0 auto",
                "minWidth": "60px",
              }
            }
          >
            <div
              className="td dc-td"
              role="cell"
              style={
                Object {
                  "boxSizing": "border-box",
                  "flex": "150 0 auto",
                  "minWidth": "30px",
                  "width": "150px",
                }
              }
            >
              Average Medicare spending associated with an agency's home health episodes compared with all home health episodes nationally - agency score
            </div>
            <div
              className="td dc-td"
              role="cell"
              style={
                Object {
                  "boxSizing": "border-box",
                  "flex": "150 0 auto",
                  "minWidth": "30px",
                  "width": "150px",
                }
              }
            >
              January 1, 2018 - December 31, 2018
            </div>
          </div>
          <div
            className="tr dc-tr"
            role="row"
            style={
              Object {
                "display": "flex",
                "flex": "1 0 auto",
                "minWidth": "60px",
              }
            }
          >
            <div
              className="td dc-td"
              role="cell"
              style={
                Object {
                  "boxSizing": "border-box",
                  "flex": "150 0 auto",
                  "minWidth": "30px",
                  "width": "150px",
                }
              }
            >
              Average Medicare spending associated with an agency's home health episodes compared with all home health episodes nationally - count
            </div>
            <div
              className="td dc-td"
              role="cell"
              style={
                Object {
                  "boxSizing": "border-box",
                  "flex": "150 0 auto",
                  "minWidth": "30px",
                  "width": "150px",
                }
              }
            >
              January 1, 2018 - December 31, 2018
            </div>
          </div>
          <div
            className="tr dc-tr"
            role="row"
            style={
              Object {
                "display": "flex",
                "flex": "1 0 auto",
                "minWidth": "60px",
              }
            }
          >
            <div
              className="td dc-td"
              role="cell"
              style={
                Object {
                  "boxSizing": "border-box",
                  "flex": "150 0 auto",
                  "minWidth": "30px",
                  "width": "150px",
                }
              }
            >
              For patients with diabetes, how often the home health team got doctor's orders, gave foot care, and taught patients about foot care
            </div>
            <div
              className="td dc-td"
              role="cell"
              style={
                Object {
                  "boxSizing": "border-box",
                  "flex": "150 0 auto",
                  "minWidth": "30px",
                  "width": "150px",
                }
              }
            >
              January 1, 2018 - December 31, 2018
            </div>
          </div>
          <div
            className="tr dc-tr"
            role="row"
            style={
              Object {
                "display": "flex",
                "flex": "1 0 auto",
                "minWidth": "60px",
              }
            }
          >
            <div
              className="td dc-td"
              role="cell"
              style={
                Object {
                  "boxSizing": "border-box",
                  "flex": "150 0 auto",
                  "minWidth": "30px",
                  "width": "150px",
                }
              }
            >
              How often home health patients had new or worsened pressure ulcers
            </div>
            <div
              className="td dc-td"
              role="cell"
              style={
                Object {
                  "boxSizing": "border-box",
                  "flex": "150 0 auto",
                  "minWidth": "30px",
                  "width": "150px",
                }
              }
            >
              January 1, 2018 - December 31, 2018
            </div>
          </div>
          <div
            className="tr dc-tr"
            role="row"
            style={
              Object {
                "display": "flex",
                "flex": "1 0 auto",
                "minWidth": "60px",
              }
            }
          >
            <div
              className="td dc-td"
              role="cell"
              style={
                Object {
                  "boxSizing": "border-box",
                  "flex": "150 0 auto",
                  "minWidth": "30px",
                  "width": "150px",
                }
              }
            >
              How often home health patients had to be admitted to the hospital
            </div>
            <div
              className="td dc-td"
              role="cell"
              style={
                Object {
                  "boxSizing": "border-box",
                  "flex": "150 0 auto",
                  "minWidth": "30px",
                  "width": "150px",
                }
              }
            >
              January 1, 2018 - December 31, 2018
            </div>
          </div>
          <div
            className="tr dc-tr"
            role="row"
            style={
              Object {
                "display": "flex",
                "flex": "1 0 auto",
                "minWidth": "60px",
              }
            }
          >
            <div
              className="td dc-td"
              role="cell"
              style={
                Object {
                  "boxSizing": "border-box",
                  "flex": "150 0 auto",
                  "minWidth": "30px",
                  "width": "150px",
                }
              }
            >
              How often home health patients, who have had a recent hospital stay, had a preventable hospital readmission within 30 days of discharge from home health
            </div>
            <div
              className="td dc-td"
              role="cell"
              style={
                Object {
                  "boxSizing": "border-box",
                  "flex": "150 0 auto",
                  "minWidth": "30px",
                  "width": "150px",
                }
              }
            >
              January 1, 2016 - December 31, 2018
            </div>
          </div>
          <div
            className="tr dc-tr"
            role="row"
            style={
              Object {
                "display": "flex",
                "flex": "1 0 auto",
                "minWidth": "60px",
              }
            }
          >
            <div
              className="td dc-td"
              role="cell"
              style={
                Object {
                  "boxSizing": "border-box",
                  "flex": "150 0 auto",
                  "minWidth": "30px",
                  "width": "150px",
                }
              }
            >
              How often patients got better at bathing
            </div>
            <div
              className="td dc-td"
              role="cell"
              style={
                Object {
                  "boxSizing": "border-box",
                  "flex": "150 0 auto",
                  "minWidth": "30px",
                  "width": "150px",
                }
              }
            >
              January 1, 2018 - December 31, 2018
            </div>
          </div>
          <div
            className="tr dc-tr"
            role="row"
            style={
              Object {
                "display": "flex",
                "flex": "1 0 auto",
                "minWidth": "60px",
              }
            }
          >
            <div
              className="td dc-td"
              role="cell"
              style={
                Object {
                  "boxSizing": "border-box",
                  "flex": "150 0 auto",
                  "minWidth": "30px",
                  "width": "150px",
                }
              }
            >
              How often patients got better at getting in and out of bed
            </div>
            <div
              className="td dc-td"
              role="cell"
              style={
                Object {
                  "boxSizing": "border-box",
                  "flex": "150 0 auto",
                  "minWidth": "30px",
                  "width": "150px",
                }
              }
            >
              January 1, 2018 - December 31, 2018
            </div>
          </div>
          <div
            className="tr dc-tr"
            role="row"
            style={
              Object {
                "display": "flex",
                "flex": "1 0 auto",
                "minWidth": "60px",
              }
            }
          >
            <div
              className="td dc-td"
              role="cell"
              style={
                Object {
                  "boxSizing": "border-box",
                  "flex": "150 0 auto",
                  "minWidth": "30px",
                  "width": "150px",
                }
              }
            >
              How often patients got better at taking their drugs correctly by mouth
            </div>
            <div
              className="td dc-td"
              role="cell"
              style={
                Object {
                  "boxSizing": "border-box",
                  "flex": "150 0 auto",
                  "minWidth": "30px",
                  "width": "150px",
                }
              }
            >
              January 1, 2018 - December 31, 2018
            </div>
          </div>
          <div
            className="tr dc-tr"
            role="row"
            style={
              Object {
                "display": "flex",
                "flex": "1 0 auto",
                "minWidth": "60px",
              }
            }
          >
            <div
              className="td dc-td"
              role="cell"
              style={
                Object {
                  "boxSizing": "border-box",
                  "flex": "150 0 auto",
                  "minWidth": "30px",
                  "width": "150px",
                }
              }
            >
              How often patients got better at walking or moving around
            </div>
            <div
              className="td dc-td"
              role="cell"
              style={
                Object {
                  "boxSizing": "border-box",
                  "flex": "150 0 auto",
                  "minWidth": "30px",
                  "width": "150px",
                }
              }
            >
              January 1, 2018 - December 31, 2018
            </div>
          </div>
          <div
            className="tr dc-tr"
            role="row"
            style={
              Object {
                "display": "flex",
                "flex": "1 0 auto",
                "minWidth": "60px",
              }
            }
          >
            <div
              className="td dc-td"
              role="cell"
              style={
                Object {
                  "boxSizing": "border-box",
                  "flex": "150 0 auto",
                  "minWidth": "30px",
                  "width": "150px",
                }
              }
            >
              How often patients receiving home health care needed any urgent, unplanned care in the hospital emergency room - without being admitted to the hospital
            </div>
            <div
              className="td dc-td"
              role="cell"
              style={
                Object {
                  "boxSizing": "border-box",
                  "flex": "150 0 auto",
                  "minWidth": "30px",
                  "width": "150px",
                }
              }
            >
              January 1, 2018 - December 31, 2018
            </div>
          </div>
          <div
            className="tr dc-tr"
            role="row"
            style={
              Object {
                "display": "flex",
                "flex": "1 0 auto",
                "minWidth": "60px",
              }
            }
          >
            <div
              className="td dc-td"
              role="cell"
              style={
                Object {
                  "boxSizing": "border-box",
                  "flex": "150 0 auto",
                  "minWidth": "30px",
                  "width": "150px",
                }
              }
            >
              How often patients remained at home within 31 days of being discharged from home health
            </div>
            <div
              className="td dc-td"
              role="cell"
              style={
                Object {
                  "boxSizing": "border-box",
                  "flex": "150 0 auto",
                  "minWidth": "30px",
                  "width": "150px",
                }
              }
            >
              January 1, 2017 - December 31, 2018
            </div>
          </div>
          <div
            className="tr dc-tr"
            role="row"
            style={
              Object {
                "display": "flex",
                "flex": "1 0 auto",
                "minWidth": "60px",
              }
            }
          >
            <div
              className="td dc-td"
              role="cell"
              style={
                Object {
                  "boxSizing": "border-box",
                  "flex": "150 0 auto",
                  "minWidth": "30px",
                  "width": "150px",
                }
              }
            >
              How often patients' breathing improved
            </div>
            <div
              className="td dc-td"
              role="cell"
              style={
                Object {
                  "boxSizing": "border-box",
                  "flex": "150 0 auto",
                  "minWidth": "30px",
                  "width": "150px",
                }
              }
            >
              January 1, 2018 - December 31, 2018
            </div>
          </div>
          <div
            className="tr dc-tr"
            role="row"
            style={
              Object {
                "display": "flex",
                "flex": "1 0 auto",
                "minWidth": "60px",
              }
            }
          >
            <div
              className="td dc-td"
              role="cell"
              style={
                Object {
                  "boxSizing": "border-box",
                  "flex": "150 0 auto",
                  "minWidth": "30px",
                  "width": "150px",
                }
              }
            >
              How often patients' wounds improved or healed after an operation
            </div>
            <div
              className="td dc-td"
              role="cell"
              style={
                Object {
                  "boxSizing": "border-box",
                  "flex": "150 0 auto",
                  "minWidth": "30px",
                  "width": "150px",
                }
              }
            >
              January 1, 2018 - December 31, 2018
            </div>
          </div>
          <div
            className="tr dc-tr"
            role="row"
            style={
              Object {
                "display": "flex",
                "flex": "1 0 auto",
                "minWidth": "60px",
              }
            }
          >
            <div
              className="td dc-td"
              role="cell"
              style={
                Object {
                  "boxSizing": "border-box",
                  "flex": "150 0 auto",
                  "minWidth": "30px",
                  "width": "150px",
                }
              }
            >
              How often the home health team began their patients' care in a timely manner
            </div>
            <div
              className="td dc-td"
              role="cell"
              style={
                Object {
                  "boxSizing": "border-box",
                  "flex": "150 0 auto",
                  "minWidth": "30px",
                  "width": "150px",
                }
              }
            >
              January 1, 2018 - December 31, 2018
            </div>
          </div>
          <div
            className="tr dc-tr"
            role="row"
            style={
              Object {
                "display": "flex",
                "flex": "1 0 auto",
                "minWidth": "60px",
              }
            }
          >
            <div
              className="td dc-td"
              role="cell"
              style={
                Object {
                  "boxSizing": "border-box",
                  "flex": "150 0 auto",
                  "minWidth": "30px",
                  "width": "150px",
                }
              }
            >
              How often the home health team checked patients for depression
            </div>
            <div
              className="td dc-td"
              role="cell"
              style={
                Object {
                  "boxSizing": "border-box",
                  "flex": "150 0 auto",
                  "minWidth": "30px",
                  "width": "150px",
                }
              }
            >
              January 1, 2018 - December 31, 2018
            </div>
          </div>
          <div
            className="tr dc-tr"
            role="row"
            style={
              Object {
                "display": "flex",
                "flex": "1 0 auto",
                "minWidth": "60px",
              }
            }
          >
            <div
              className="td dc-td"
              role="cell"
              style={
                Object {
                  "boxSizing": "border-box",
                  "flex": "150 0 auto",
                  "minWidth": "30px",
                  "width": "150px",
                }
              }
            >
              How often the home health team checked patients' medications and got doctor's orders for medication issues in a timely manner
            </div>
            <div
              className="td dc-td"
              role="cell"
              style={
                Object {
                  "boxSizing": "border-box",
                  "flex": "150 0 auto",
                  "minWidth": "30px",
                  "width": "150px",
                }
              }
            >
              January 1, 2018 - December 31, 2018
            </div>
          </div>
          <div
            className="tr dc-tr"
            role="row"
            style={
              Object {
                "display": "flex",
                "flex": "1 0 auto",
                "minWidth": "60px",
              }
            }
          >
            <div
              className="td dc-td"
              role="cell"
              style={
                Object {
                  "boxSizing": "border-box",
                  "flex": "150 0 auto",
                  "minWidth": "30px",
                  "width": "150px",
                }
              }
            >
              How often the home health team checked patients' risk of falling
            </div>
            <div
              className="td dc-td"
              role="cell"
              style={
                Object {
                  "boxSizing": "border-box",
                  "flex": "150 0 auto",
                  "minWidth": "30px",
                  "width": "150px",
                }
              }
            >
              January 1, 2018 - December 31, 2018
            </div>
          </div>
          <div
            className="tr dc-tr"
            role="row"
            style={
              Object {
                "display": "flex",
                "flex": "1 0 auto",
                "minWidth": "60px",
              }
            }
          >
            <div
              className="td dc-td"
              role="cell"
              style={
                Object {
                  "boxSizing": "border-box",
                  "flex": "150 0 auto",
                  "minWidth": "30px",
                  "width": "150px",
                }
              }
            >
              How often the home health team made sure that their patients have received a flu shot for the current flu season
            </div>
            <div
              className="td dc-td"
              role="cell"
              style={
                Object {
                  "boxSizing": "border-box",
                  "flex": "150 0 auto",
                  "minWidth": "30px",
                  "width": "150px",
                }
              }
            >
              January 1, 2018 - December 31, 2018
            </div>
          </div>
          <div
            className="tr dc-tr"
            role="row"
            style={
              Object {
                "display": "flex",
                "flex": "1 0 auto",
                "minWidth": "60px",
              }
            }
          >
            <div
              className="td dc-td"
              role="cell"
              style={
                Object {
                  "boxSizing": "border-box",
                  "flex": "150 0 auto",
                  "minWidth": "30px",
                  "width": "150px",
                }
              }
            >
              How often the home health team made sure that their patients have received a pneumococcal vaccine (pneumonia shot)
            </div>
            <div
              className="td dc-td"
              role="cell"
              style={
                Object {
                  "boxSizing": "border-box",
                  "flex": "150 0 auto",
                  "minWidth": "30px",
                  "width": "150px",
                }
              }
            >
              January 1, 2018 - December 31, 2018
            </div>
          </div>
        </div>
      </div>
      <div
        aria-atomic="true"
        aria-live="assertive"
        className="sr-only aria-live-feedback"
      />
    </div>
  </div>
  <div
    className="pagination-bottom"
  >
    <div
      className="-pagination"
    >
      <div
        className="-previous"
      >
        <button
          className="-btn"
          disabled={true}
          onClick={[Function]}
          type="button"
        >
          <svg
            aria-hidden={true}
            aria-label="long arrow left"
            className="fa fa-long-arrow-left"
            focusable="false"
            height={16}
            role="img"
            viewBox="0 0 448 512"
            width={16}
            xmlns="http://www.w3.org/2000/svg"
          >
            <path
              d="M152.485 396.284l19.626-19.626c4.753-4.753 4.675-12.484-.173-17.14L91.22 282H436c6.627 0 12-5.373 12-12v-28c0-6.627-5.373-12-12-12H91.22l80.717-77.518c4.849-4.656 4.927-12.387.173-17.14l-19.626-19.626c-4.686-4.686-12.284-4.686-16.971 0L3.716 247.515c-4.686 4.686-4.686 12.284 0 16.971l131.799 131.799c4.686 4.685 12.284 4.685 16.97-.001z"
            />
          </svg>
          Previous 
          <span
            className="sr-only"
          >
            data page
          </span>
        </button>
      </div>
      <div
        aria-atomic={true}
        aria-live="assertive"
        className="-center"
      >
        <span
          className="-pageInfo"
        >
          <span>
            Page
             
          </span>
          <strong>
            1
          </strong>
          <span>
             
            of
             
          </span>
          <strong>
            2
          </strong>
          <span
            className="sr-only"
          >
             
            for 
            Home Health Care - Measure Date Range
          </span>
        </span>
      </div>
      <div
        className="-next"
      >
        <button
          className="-btn"
          disabled={false}
          onClick={[Function]}
          type="button"
        >
          Next 
          <span
            className="sr-only"
          >
            data page
          </span>
          <svg
            aria-hidden={true}
            aria-label="long arrow right"
            className="fa fa-long-arrow-right"
            focusable="false"
            height={16}
            role="img"
            viewBox="0 0 448 512"
            width={16}
            xmlns="http://www.w3.org/2000/svg"
          >
            <path
              d="M295.515 115.716l-19.626 19.626c-4.753 4.753-4.675 12.484.173 17.14L356.78 230H12c-6.627 0-12 5.373-12 12v28c0 6.627 5.373 12 12 12h344.78l-80.717 77.518c-4.849 4.656-4.927 12.387-.173 17.14l19.626 19.626c4.686 4.686 12.284 4.686 16.971 0l131.799-131.799c4.686-4.686 4.686-12.284 0-16.971L312.485 115.716c-4.686-4.686-12.284-4.686-16.97 0z"
            />
          </svg>
        </button>
      </div>
    </div>
  </div>
</div>
`;
