// Jest Snapshot v1, https://goo.gl/fbAQLP

exports[`DataIcon component. Matches snapshot. 1`] = `
<svg
  className="density-1"
  height={50}
  viewBox="0 0 160 160"
  width={50}
>
  <path
    d="M141.441 46.748c0 1.664-1.35 3.014-3.014 3.014H17.572c-1.664 0-3.014-1.35-3.014-3.014V27.252c0-1.665 1.35-3.014 3.014-3.014h120.855c1.664 0 3.014 1.349 3.014 3.014v19.496zM141.441 128.748c0 1.664-1.35 3.014-3.014 3.014H17.572c-1.664 0-3.014-1.35-3.014-3.014v-19.496c0-1.665 1.35-3.014 3.014-3.014h120.855c1.664 0 3.014 1.349 3.014 3.014v19.496zM141.441 87.748c0 1.664-1.35 3.014-3.014 3.014H17.572c-1.664 0-3.014-1.35-3.014-3.014V68.252c0-1.665 1.35-3.014 3.014-3.014h120.855c1.664 0 3.014 1.349 3.014 3.014v19.496z"
    fill="#0C2499"
  />
</svg>
`;
