// Vitest Snapshot v1, https://vitest.dev/guide/snapshot.html

exports[`DatasetContentLoading component. > DatasetContentLoading matches snapshot. 1`] = `
<div
  className="DatasetContentLoading"
>
  <div
    className="DatasetContentLoadingTable DatasetContentLoading__additional-info"
  >
    <div
      className="DatasetContentLoadingTable__title skeleton-box"
    />
    <div
      className="DatasetContentLoadingTable__row"
    >
      <div
        className="DatasetContentLoadingTable__row_column"
      >
        <div
          className="skeleton-box"
        />
      </div>
      <div
        className="DatasetContentLoadingTable__row_column"
      >
        <div
          className="skeleton-box"
        />
      </div>
    </div>
    <div
      className="DatasetContentLoadingTable__row"
    >
      <div
        className="DatasetContentLoadingTable__row_column"
      >
        <div
          className="skeleton-box"
        />
      </div>
      <div
        className="DatasetContentLoadingTable__row_column"
      >
        <div
          className="skeleton-box"
        />
      </div>
    </div>
    <div
      className="DatasetContentLoadingTable__row"
    >
      <div
        className="DatasetContentLoadingTable__row_column"
      >
        <div
          className="skeleton-box"
        />
      </div>
      <div
        className="DatasetContentLoadingTable__row_column"
      >
        <div
          className="skeleton-box"
        />
      </div>
    </div>
    <div
      className="DatasetContentLoadingTable__row"
    >
      <div
        className="DatasetContentLoadingTable__row_column"
      >
        <div
          className="skeleton-box"
        />
      </div>
      <div
        className="DatasetContentLoadingTable__row_column"
      >
        <div
          className="skeleton-box"
        />
      </div>
    </div>
    <div
      className="DatasetContentLoadingTable__row"
    >
      <div
        className="DatasetContentLoadingTable__row_column"
      >
        <div
          className="skeleton-box"
        />
      </div>
      <div
        className="DatasetContentLoadingTable__row_column"
      >
        <div
          className="skeleton-box"
        />
      </div>
    </div>
  </div>
</div>
`;

exports[`DatasetContentLoading component. > DatasetHeaderLoading matches snapshot. 1`] = `
<div
  className="DatasetContentLoading"
>
  <div
    className="DatasetContentLoadingTable DatasetContentLoading__dataset-explorer"
  >
    <div
      className="DatasetContentLoadingTable__title skeleton-box"
    />
    <div
      className="DatasetContentLoadingTable__row"
    >
      <div
        className="DatasetContentLoadingTable__row_column"
      >
        <div
          className="skeleton-box"
        />
      </div>
      <div
        className="DatasetContentLoadingTable__row_column"
      >
        <div
          className="skeleton-box"
        />
      </div>
      <div
        className="DatasetContentLoadingTable__row_column"
      >
        <div
          className="skeleton-box"
        />
      </div>
      <div
        className="DatasetContentLoadingTable__row_column"
      >
        <div
          className="skeleton-box"
        />
      </div>
    </div>
    <div
      className="DatasetContentLoadingTable__row"
    >
      <div
        className="DatasetContentLoadingTable__row_column"
      >
        <div
          className="skeleton-box"
        />
      </div>
      <div
        className="DatasetContentLoadingTable__row_column"
      >
        <div
          className="skeleton-box"
        />
      </div>
      <div
        className="DatasetContentLoadingTable__row_column"
      >
        <div
          className="skeleton-box"
        />
      </div>
      <div
        className="DatasetContentLoadingTable__row_column"
      >
        <div
          className="skeleton-box"
        />
      </div>
    </div>
    <div
      className="DatasetContentLoadingTable__row"
    >
      <div
        className="DatasetContentLoadingTable__row_column"
      >
        <div
          className="skeleton-box"
        />
      </div>
      <div
        className="DatasetContentLoadingTable__row_column"
      >
        <div
          className="skeleton-box"
        />
      </div>
      <div
        className="DatasetContentLoadingTable__row_column"
      >
        <div
          className="skeleton-box"
        />
      </div>
      <div
        className="DatasetContentLoadingTable__row_column"
      >
        <div
          className="skeleton-box"
        />
      </div>
    </div>
    <div
      className="DatasetContentLoadingTable__row"
    >
      <div
        className="DatasetContentLoadingTable__row_column"
      >
        <div
          className="skeleton-box"
        />
      </div>
      <div
        className="DatasetContentLoadingTable__row_column"
      >
        <div
          className="skeleton-box"
        />
      </div>
      <div
        className="DatasetContentLoadingTable__row_column"
      >
        <div
          className="skeleton-box"
        />
      </div>
      <div
        className="DatasetContentLoadingTable__row_column"
      >
        <div
          className="skeleton-box"
        />
      </div>
    </div>
    <div
      className="DatasetContentLoadingTable__row"
    >
      <div
        className="DatasetContentLoadingTable__row_column"
      >
        <div
          className="skeleton-box"
        />
      </div>
      <div
        className="DatasetContentLoadingTable__row_column"
      >
        <div
          className="skeleton-box"
        />
      </div>
      <div
        className="DatasetContentLoadingTable__row_column"
      >
        <div
          className="skeleton-box"
        />
      </div>
      <div
        className="DatasetContentLoadingTable__row_column"
      >
        <div
          className="skeleton-box"
        />
      </div>
    </div>
    <div
      className="DatasetContentLoadingTable__row"
    >
      <div
        className="DatasetContentLoadingTable__row_column"
      >
        <div
          className="skeleton-box"
        />
      </div>
      <div
        className="DatasetContentLoadingTable__row_column"
      >
        <div
          className="skeleton-box"
        />
      </div>
      <div
        className="DatasetContentLoadingTable__row_column"
      >
        <div
          className="skeleton-box"
        />
      </div>
      <div
        className="DatasetContentLoadingTable__row_column"
      >
        <div
          className="skeleton-box"
        />
      </div>
    </div>
    <div
      className="DatasetContentLoadingTable__row"
    >
      <div
        className="DatasetContentLoadingTable__row_column"
      >
        <div
          className="skeleton-box"
        />
      </div>
      <div
        className="DatasetContentLoadingTable__row_column"
      >
        <div
          className="skeleton-box"
        />
      </div>
      <div
        className="DatasetContentLoadingTable__row_column"
      >
        <div
          className="skeleton-box"
        />
      </div>
      <div
        className="DatasetContentLoadingTable__row_column"
      >
        <div
          className="skeleton-box"
        />
      </div>
    </div>
    <div
      className="DatasetContentLoadingTable__row"
    >
      <div
        className="DatasetContentLoadingTable__row_column"
      >
        <div
          className="skeleton-box"
        />
      </div>
      <div
        className="DatasetContentLoadingTable__row_column"
      >
        <div
          className="skeleton-box"
        />
      </div>
      <div
        className="DatasetContentLoadingTable__row_column"
      >
        <div
          className="skeleton-box"
        />
      </div>
      <div
        className="DatasetContentLoadingTable__row_column"
      >
        <div
          className="skeleton-box"
        />
      </div>
    </div>
    <div
      className="DatasetContentLoadingTable__pagination"
    >
      <div
        className="DatasetContentLoadingTable__pagination_btn skeleton-box"
      />
      <div
        className="DatasetContentLoadingTable__pagination_txt skeleton-box"
      />
      <div
        className="DatasetContentLoadingTable__pagination_btn skeleton-box"
      />
    </div>
  </div>
</div>
`;

exports[`DatasetContentLoading component. > DatasetLoading matches snapshot. 1`] = `
<div
  className="DatasetContentLoading"
>
  <div
    className="DatasetContentLoadingTable DatasetContentLoading__dataset-explorer"
  >
    <div
      className="DatasetContentLoadingTable__title skeleton-box"
    />
    <div
      className="DatasetContentLoadingTable__row"
    >
      <div
        className="DatasetContentLoadingTable__row_column"
      >
        <div
          className="skeleton-box"
        />
      </div>
      <div
        className="DatasetContentLoadingTable__row_column"
      >
        <div
          className="skeleton-box"
        />
      </div>
      <div
        className="DatasetContentLoadingTable__row_column"
      >
        <div
          className="skeleton-box"
        />
      </div>
      <div
        className="DatasetContentLoadingTable__row_column"
      >
        <div
          className="skeleton-box"
        />
      </div>
    </div>
    <div
      className="DatasetContentLoadingTable__row"
    >
      <div
        className="DatasetContentLoadingTable__row_column"
      >
        <div
          className="skeleton-box"
        />
      </div>
      <div
        className="DatasetContentLoadingTable__row_column"
      >
        <div
          className="skeleton-box"
        />
      </div>
      <div
        className="DatasetContentLoadingTable__row_column"
      >
        <div
          className="skeleton-box"
        />
      </div>
      <div
        className="DatasetContentLoadingTable__row_column"
      >
        <div
          className="skeleton-box"
        />
      </div>
    </div>
    <div
      className="DatasetContentLoadingTable__row"
    >
      <div
        className="DatasetContentLoadingTable__row_column"
      >
        <div
          className="skeleton-box"
        />
      </div>
      <div
        className="DatasetContentLoadingTable__row_column"
      >
        <div
          className="skeleton-box"
        />
      </div>
      <div
        className="DatasetContentLoadingTable__row_column"
      >
        <div
          className="skeleton-box"
        />
      </div>
      <div
        className="DatasetContentLoadingTable__row_column"
      >
        <div
          className="skeleton-box"
        />
      </div>
    </div>
    <div
      className="DatasetContentLoadingTable__row"
    >
      <div
        className="DatasetContentLoadingTable__row_column"
      >
        <div
          className="skeleton-box"
        />
      </div>
      <div
        className="DatasetContentLoadingTable__row_column"
      >
        <div
          className="skeleton-box"
        />
      </div>
      <div
        className="DatasetContentLoadingTable__row_column"
      >
        <div
          className="skeleton-box"
        />
      </div>
      <div
        className="DatasetContentLoadingTable__row_column"
      >
        <div
          className="skeleton-box"
        />
      </div>
    </div>
    <div
      className="DatasetContentLoadingTable__row"
    >
      <div
        className="DatasetContentLoadingTable__row_column"
      >
        <div
          className="skeleton-box"
        />
      </div>
      <div
        className="DatasetContentLoadingTable__row_column"
      >
        <div
          className="skeleton-box"
        />
      </div>
      <div
        className="DatasetContentLoadingTable__row_column"
      >
        <div
          className="skeleton-box"
        />
      </div>
      <div
        className="DatasetContentLoadingTable__row_column"
      >
        <div
          className="skeleton-box"
        />
      </div>
    </div>
    <div
      className="DatasetContentLoadingTable__row"
    >
      <div
        className="DatasetContentLoadingTable__row_column"
      >
        <div
          className="skeleton-box"
        />
      </div>
      <div
        className="DatasetContentLoadingTable__row_column"
      >
        <div
          className="skeleton-box"
        />
      </div>
      <div
        className="DatasetContentLoadingTable__row_column"
      >
        <div
          className="skeleton-box"
        />
      </div>
      <div
        className="DatasetContentLoadingTable__row_column"
      >
        <div
          className="skeleton-box"
        />
      </div>
    </div>
    <div
      className="DatasetContentLoadingTable__row"
    >
      <div
        className="DatasetContentLoadingTable__row_column"
      >
        <div
          className="skeleton-box"
        />
      </div>
      <div
        className="DatasetContentLoadingTable__row_column"
      >
        <div
          className="skeleton-box"
        />
      </div>
      <div
        className="DatasetContentLoadingTable__row_column"
      >
        <div
          className="skeleton-box"
        />
      </div>
      <div
        className="DatasetContentLoadingTable__row_column"
      >
        <div
          className="skeleton-box"
        />
      </div>
    </div>
    <div
      className="DatasetContentLoadingTable__row"
    >
      <div
        className="DatasetContentLoadingTable__row_column"
      >
        <div
          className="skeleton-box"
        />
      </div>
      <div
        className="DatasetContentLoadingTable__row_column"
      >
        <div
          className="skeleton-box"
        />
      </div>
      <div
        className="DatasetContentLoadingTable__row_column"
      >
        <div
          className="skeleton-box"
        />
      </div>
      <div
        className="DatasetContentLoadingTable__row_column"
      >
        <div
          className="skeleton-box"
        />
      </div>
    </div>
    <div
      className="DatasetContentLoadingTable__pagination"
    >
      <div
        className="DatasetContentLoadingTable__pagination_btn skeleton-box"
      />
      <div
        className="DatasetContentLoadingTable__pagination_txt skeleton-box"
      />
      <div
        className="DatasetContentLoadingTable__pagination_btn skeleton-box"
      />
    </div>
  </div>
  <div
    className="DatasetContentLoadingTable DatasetContentLoading__additional-info"
  >
    <div
      className="DatasetContentLoadingTable__title skeleton-box"
    />
    <div
      className="DatasetContentLoadingTable__row"
    >
      <div
        className="DatasetContentLoadingTable__row_column"
      >
        <div
          className="skeleton-box"
        />
      </div>
      <div
        className="DatasetContentLoadingTable__row_column"
      >
        <div
          className="skeleton-box"
        />
      </div>
    </div>
    <div
      className="DatasetContentLoadingTable__row"
    >
      <div
        className="DatasetContentLoadingTable__row_column"
      >
        <div
          className="skeleton-box"
        />
      </div>
      <div
        className="DatasetContentLoadingTable__row_column"
      >
        <div
          className="skeleton-box"
        />
      </div>
    </div>
    <div
      className="DatasetContentLoadingTable__row"
    >
      <div
        className="DatasetContentLoadingTable__row_column"
      >
        <div
          className="skeleton-box"
        />
      </div>
      <div
        className="DatasetContentLoadingTable__row_column"
      >
        <div
          className="skeleton-box"
        />
      </div>
    </div>
    <div
      className="DatasetContentLoadingTable__row"
    >
      <div
        className="DatasetContentLoadingTable__row_column"
      >
        <div
          className="skeleton-box"
        />
      </div>
      <div
        className="DatasetContentLoadingTable__row_column"
      >
        <div
          className="skeleton-box"
        />
      </div>
    </div>
    <div
      className="DatasetContentLoadingTable__row"
    >
      <div
        className="DatasetContentLoadingTable__row_column"
      >
        <div
          className="skeleton-box"
        />
      </div>
      <div
        className="DatasetContentLoadingTable__row_column"
      >
        <div
          className="skeleton-box"
        />
      </div>
    </div>
  </div>
</div>
`;
