// Vitest Snapshot v1, https://vitest.dev/guide/snapshot.html

exports[`FilteredDatasetResource component > Matches snapshot 1`] = `"Dataset content goes here"`;
