// Vitest Snapshot v1, https://vitest.dev/guide/snapshot.html

exports[`ManageColumns component. > Matches snapshot. 1`] = `
<DocumentFragment>
  <div
    class="table-control-item manage-columns-button-container"
  >
    <span
      class="tooltip-trigger"
    >
      <button
        aria-label="Manage columns - Opens in a dialog"
        class="dataset-button"
      >
        <svg
          aria-label="columns"
          class="fa fa-columns"
          focusable="false"
          height="16"
          role="img"
          viewBox="0 0 512 512"
          width="16"
          xmlns="http://www.w3.org/2000/svg"
        >
          <path
            d="M464 32H48C21.49 32 0 53.49 0 80v352c0 26.51 21.49 48 48 48h416c26.51 0 48-21.49 48-48V80c0-26.51-21.49-48-48-48zM232 432H54a6 6 0 0 1-6-6V112h184v320zm226 0H280V112h184v314a6 6 0 0 1-6 6z"
            fill="#0c2499"
          />
        </svg>
        <span
          class="dataset-button-text"
        >
          Manage columns
        </span>
      </button>
    </span>
    <div
      class="ds-c-dialog-wrap"
    >
      <dialog
        aria-labelledby="dialog--1__heading"
        class="ds-c-dialog manage-col-dialog manage-col-sm"
        id="dialog--1"
        role="dialog"
        tabindex="-1"
      >
        <div
          class="ds-c-dialog__window"
        >
          <div
            class="ds-c-dialog__header"
          >
            <h2
              class="ds-c-dialog__heading"
              id="dialog--1__heading"
            >
              Manage columns
            </h2>
            <button
              aria-label="Close manage columns dialog"
              class="ds-c-close-button ds-c-dialog__close"
              id="dialog--1__close"
              type="button"
            >
              <svg
                aria-hidden="true"
                class="ds-c-icon ds-c-icon--close ds-c-icon--close-thin "
                id="dialog--1__close__icon"
                viewBox="-2 -2 18 18"
                xmlns="http://www.w3.org/2000/svg"
              >
                <path
                  d="M0 13.0332964L13.0332964 0M13.0332964 13.0332964L0 0"
                  fill="none"
                  stroke="currentColor"
                  stroke-linecap="round"
                  stroke-width="2"
                />
              </svg>
            </button>
          </div>
          <div
            class="ds-c-dialog__body"
          >
            <div
              id="dialog--1__content"
            >
              <div
                class="column-labels"
              >
                <span>
                  Display column
                </span>
                <span>
                  Reorder
                </span>
              </div>
              <p
                id="reorder-help"
              >
                Activate the reorder button and use the arrow keys to reorder the list or use your mouse to drag/reorder. Press escape to cancel the reordering.
              </p>
              <ul
                class="advanced-options"
              >
                <li
                  draggable="true"
                  style="opacity: 1;"
                >
                  <div>
                    <div
                      class="ds-c-choice-wrapper"
                    >
                      <input
                        aria-describedby="measure_name__error"
                        checked=""
                        class="ds-c-choice"
                        id="measure_name"
                        name="Measure Name"
                        style="cursor: pointer;"
                        title="Toggle Column Visible"
                        type="checkbox"
                        value=""
                      />
                      <label
                        class="ds-c-label"
                        for="measure_name"
                        id="measure_name__label"
                      >
                        Measure Name
                      </label>
                      <p
                        aria-atomic="true"
                        aria-live="assertive"
                        class="ds-c-inline-error"
                        id="measure_name__error"
                      />
                    </div>
                  </div>
                  <button
                    aria-describedby="reorder-help"
                    aria-label="Reorder Measure Name column"
                    class="manage-columns-reorder"
                    type="button"
                  >
                    <svg
                      aria-label="sort"
                      class="fa fa-sort"
                      focusable="false"
                      height="16"
                      role="img"
                      viewBox="0 0 320 512"
                      width="16"
                      xmlns="http://www.w3.org/2000/svg"
                    >
                      <path
                        d="M41 288h238c21.4 0 32.1 25.9 17 41L177 448c-9.4 9.4-24.6 9.4-33.9 0L24 329c-15.1-15.1-4.4-41 17-41zm255-105L177 64c-9.4-9.4-24.6-9.4-33.9 0L24 183c-15.1 15.1-4.4 41 17 41h238c21.4 0 32.1-25.9 17-41z"
                        fill="#323A45"
                      />
                    </svg>
                  </button>
                </li>
                <li
                  draggable="true"
                  style="opacity: 1;"
                >
                  <div>
                    <div
                      class="ds-c-choice-wrapper"
                    >
                      <input
                        aria-describedby="measure_date_range__error"
                        checked=""
                        class="ds-c-choice"
                        id="measure_date_range"
                        name="Measure Date Range"
                        style="cursor: pointer;"
                        title="Toggle Column Visible"
                        type="checkbox"
                        value=""
                      />
                      <label
                        class="ds-c-label"
                        for="measure_date_range"
                        id="measure_date_range__label"
                      >
                        Measure Date Range
                      </label>
                      <p
                        aria-atomic="true"
                        aria-live="assertive"
                        class="ds-c-inline-error"
                        id="measure_date_range__error"
                      />
                    </div>
                  </div>
                  <button
                    aria-describedby="reorder-help"
                    aria-label="Reorder Measure Date Range column"
                    class="manage-columns-reorder"
                    type="button"
                  >
                    <svg
                      aria-label="sort"
                      class="fa fa-sort"
                      focusable="false"
                      height="16"
                      role="img"
                      viewBox="0 0 320 512"
                      width="16"
                      xmlns="http://www.w3.org/2000/svg"
                    >
                      <path
                        d="M41 288h238c21.4 0 32.1 25.9 17 41L177 448c-9.4 9.4-24.6 9.4-33.9 0L24 329c-15.1-15.1-4.4-41 17-41zm255-105L177 64c-9.4-9.4-24.6-9.4-33.9 0L24 183c-15.1 15.1-4.4 41 17 41h238c21.4 0 32.1-25.9 17-41z"
                        fill="#323A45"
                      />
                    </svg>
                  </button>
                </li>
              </ul>
              <div
                aria-atomic="true"
                aria-live="assertive"
                class="sr-only aria-live-feedback"
              />
            </div>
            <div
              class="ds-c-dialog__actions"
            >
              <div
                class="manage-col-dialog-actions"
              >
                <div
                  class="select-all-choice"
                >
                  <div
                    class="ds-c-choice-wrapper"
                  >
                    <input
                      aria-describedby="choice--2__error"
                      checked=""
                      class="ds-c-choice"
                      id="choice--2"
                      name=""
                      type="checkbox"
                      value=""
                    />
                    <label
                      class="ds-c-label"
                      for="choice--2"
                      id="choice--2__label"
                    >
                      Select all
                    </label>
                    <p
                      aria-atomic="true"
                      aria-live="assertive"
                      class="ds-c-inline-error"
                      id="choice--2__error"
                    />
                  </div>
                </div>
                <button
                  class="btn blueberry"
                >
                  Update columns
                </button>
              </div>
            </div>
          </div>
        </div>
      </dialog>
    </div>
  </div>
</DocumentFragment>
`;
