// Vitest Snapshot v1, https://vitest.dev/guide/snapshot.html

exports[`FileDownload component. > Matches snapshot. 1`] = `
<DocumentFragment>
  <div
    class="resource"
  >
    <a
      class="dataset-download-link"
      href=""
      rel="noopener noreferrer"
      role="button"
      tabindex="0"
      target="_blank"
    >
      <svg
        aria-hidden="true"
        aria-label="download"
        class="fa fa-download"
        focusable="false"
        height="16"
        role="img"
        viewBox="0 0 576 512"
        width="16"
        xmlns="http://www.w3.org/2000/svg"
      >
        <path
          d="M528 288h-92.1l46.1-46.1c30.1-30.1 8.8-81.9-33.9-81.9h-64V48c0-26.5-21.5-48-48-48h-96c-26.5 0-48 21.5-48 48v112h-64c-42.6 0-64.2 51.7-33.9 81.9l46.1 46.1H48c-26.5 0-48 21.5-48 48v128c0 26.5 21.5 48 48 48h480c26.5 0 48-21.5 48-48V336c0-26.5-21.5-48-48-48zm-400-80h112V48h96v160h112L288 368 128 208zm400 256H48V336h140.1l65.9 65.9c18.8 18.8 49.1 18.7 67.9 0l65.9-65.9H528v128zm-88-64c0-13.3 10.7-24 24-24s24 10.7 24 24-10.7 24-24 24-24-10.7-24-24z"
          fill="#323A45"
        />
      </svg>
      <span>
        Download full dataset 
        <span
          class="sr-only"
        >
          - csv - 10 KB
        </span>
      </span>
    </a>
    <div
      class="ds-c-dialog-wrap"
    >
      <dialog
        aria-labelledby="dialog--1__heading"
        class="ds-c-dialog csv-download-link-dialog"
        id="dialog--1"
        role="dialog"
        tabindex="-1"
      >
        <div
          class="ds-c-dialog__window"
        >
          <div
            class="ds-c-dialog__header"
          >
            <h2
              class="ds-c-dialog__heading"
              id="dialog--1__heading"
            >
              Notice: Downloading in Excel
            </h2>
            <button
              aria-label="Close notice dialog"
              class="ds-c-close-button ds-c-dialog__close"
              id="dialog--1__close"
              type="button"
            >
              <svg
                aria-hidden="true"
                class="ds-c-icon ds-c-icon--close ds-c-icon--close-thin "
                id="dialog--1__close__icon"
                viewBox="-2 -2 18 18"
                xmlns="http://www.w3.org/2000/svg"
              >
                <path
                  d="M0 13.0332964L13.0332964 0M13.0332964 13.0332964L0 0"
                  fill="none"
                  stroke="currentColor"
                  stroke-linecap="round"
                  stroke-width="2"
                />
              </svg>
            </button>
          </div>
          <div
            class="ds-c-dialog__body"
          >
            <div
              id="dialog--1__content"
            >
              <p>
                Before downloading these files in Excel, please review the 
                <strong>
                  Excel Download Instructions
                </strong>
                 to ensure accuracy with the display of your data when downloading, opening and saving these files.
              </p>
              <ul
                class="csv-faq-link"
              >
                <li>
                  <a
                    href="/about#download-files-in-excel"
                  >
                    Excel Download Instructions
                  </a>
                </li>
              </ul>
              <p>
                Would you like to proceed?
              </p>
            </div>
            <div
              class="ds-c-dialog__actions"
            >
              <div
                class="csv-download-link-dialog-actions"
              >
                <button
                  class="btn blueberry"
                  data-download-url="https://pqdc-dkan.ddev.site/sites/default/files/resources/f69b073f217ea35ed14997178f7085c8_1677006237/Test_Data_abcd_0016.csv"
                >
                  Yes, download
                </button>
                <button
                  class="btn"
                >
                  No, cancel
                </button>
              </div>
            </div>
          </div>
        </div>
      </dialog>
    </div>
    <div
      class="format"
    >
      <span
        class="format-inner"
      >
        csv
      </span>
      <span
        class="bullet-point"
      >
        â€¢
      </span>
      <span>
        10 KB
      </span>
    </div>
  </div>
</DocumentFragment>
`;
